C:\Users\user\eclipse-workspace\ddugubcav2\ddugubcav2\src\main\java\com\database\ChangeEmail.java
C:\Users\user\eclipse-workspace\ddugubcav2\ddugubcav2\src\main\java\com\database\EditMcqs.java
C:\Users\user\eclipse-workspace\ddugubcav2\ddugubcav2\src\main\java\com\database\Mcqs.java
C:\Users\user\eclipse-workspace\ddugubcav2\ddugubcav2\src\main\java\com\database\McqScore.java
C:\Users\user\eclipse-workspace\ddugubcav2\ddugubcav2\src\main\java\com\database\AskQuestion.java
C:\Users\user\eclipse-workspace\ddugubcav2\ddugubcav2\src\main\java\com\database\ChangePassword.java
C:\Users\user\eclipse-workspace\ddugubcav2\ddugubcav2\src\main\java\com\database\ContactStudents.java
C:\Users\user\eclipse-workspace\ddugubcav2\ddugubcav2\src\main\java\com\database\Register.java
C:\Users\user\eclipse-workspace\ddugubcav2\ddugubcav2\src\main\java\com\database\Comment.java
C:\Users\user\eclipse-workspace\ddugubcav2\ddugubcav2\src\main\java\com\database\AddMcqs.java
C:\Users\user\eclipse-workspace\ddugubcav2\ddugubcav2\src\main\java\com\database\ContactDevelopers.java
C:\Users\user\eclipse-workspace\ddugubcav2\ddugubcav2\src\main\java\com\database\Login.java
C:\Users\user\eclipse-workspace\ddugubcav2\ddugubcav2\src\main\java\com\database\DeleteMcqs.java
C:\Users\user\eclipse-workspace\ddugubcav2\ddugubcav2\src\main\java\com\database\Logout.java
C:\Users\user\eclipse-workspace\ddugubcav2\ddugubcav2\src\main\java\com\database\ContactTeachers.java
